
> kodox-client@1.0.0 build
> react-scripts build

node.exe : (node:27792) 
[DEP0176] 
DeprecationWarning: 
fs.F_OK is deprecated, use 
fs.constants.F_OK instead
At line:1 char:1
+ & "C:\Program 
Files\nodejs/node.exe" 
"C:\Program 
Files\nodejs/node_mo ...
+ ~~~~~~~~~~~~~~~~~~~~~~~~~
~~~~~~~~~~~~~~~~~~~~~~~~~~~
~~~~~~~~~~~~~~~~~
    + CategoryInfo         
     : NotSpecified: ((no  
  de:27792) [D...ts.F_OK   
  instead:String) [], R    
emoteException
    + FullyQualifiedErrorI 
   d : NativeCommandError
 
(Use `node 
--trace-deprecation ...` 
to show where the warning 
was created)
Creating an optimized production build...

Treating warnings as errors because process.env.CI = true.
Most CI servers set it automatically.

Failed to compile.

[eslint] 
src\pages\AdminDashboard.jsx
  Line 4:36:  'Eye' is defined but never used     no-unused-vars
  Line 4:41:  'EyeOff' is defined but never used  no-unused-vars

src\pages\Home.jsx
  Line 4:10:  'motion' is defined but never used  no-unused-vars


